  Trwa określanie projektów do przywrócenia...
  Wszystkie projekty są aktualne na potrzeby przywrócenia.
C:\Users\blamp\Desktop\Avalonia\Controls\DinRailView.cs(35,23): error CS0234: Typ lub przestrzeń nazw „Media” nie występuje w przestrzeni nazw „Elektrykpomocnik.Avalonia” (czy nie brakuje odwołania do zestawu?) [C:\Users\blamp\Desktop\Avalonia\Elektrykpomocnik.Avalonia.csproj]
C:\Users\blamp\Desktop\Avalonia\MainWindow.axaml.cs(367,45): warning CS8604: Możliwy argument odwołania o wartości null dla parametru „relativeTo” w „Point DragEventArgs.GetPosition(Visual relativeTo)”. [C:\Users\blamp\Desktop\Avalonia\Elektrykpomocnik.Avalonia.csproj]

Kompilacja NIE POWIODŁA SIĘ.

C:\Users\blamp\Desktop\Avalonia\MainWindow.axaml.cs(367,45): warning CS8604: Możliwy argument odwołania o wartości null dla parametru „relativeTo” w „Point DragEventArgs.GetPosition(Visual relativeTo)”. [C:\Users\blamp\Desktop\Avalonia\Elektrykpomocnik.Avalonia.csproj]
C:\Users\blamp\Desktop\Avalonia\Controls\DinRailView.cs(35,23): error CS0234: Typ lub przestrzeń nazw „Media” nie występuje w przestrzeni nazw „Elektrykpomocnik.Avalonia” (czy nie brakuje odwołania do zestawu?) [C:\Users\blamp\Desktop\Avalonia\Elektrykpomocnik.Avalonia.csproj]
    Ostrzeżenia: 1
    Liczba błędów: 1

Czas, który upłynął: 00:00:01.68
