  Trwa okre┼Ťlanie projekt├│w do przywr├│cenia...
  Wszystkie projekty s─ů aktualne na potrzeby przywr├│cenia.
C:\Users\blamp\Desktop\Avalonia\Models\MainWindow.axaml.cs(18,26): error CS0102: Typ ÔÇ×MainWindowÔÇŁ ju┼╝ zawiera definicj─Ö dla ÔÇ×ViewModelÔÇŁ [C:\Users\blamp\Desktop\Avalonia\Elektrykpomocnik.Avalonia.csproj]
C:\Users\blamp\Desktop\Avalonia\Models\MainWindow.axaml.cs(20,21): error CS0102: Typ ÔÇ×MainWindowÔÇŁ ju┼╝ zawiera definicj─Ö dla ÔÇ×_canvasContainerÔÇŁ [C:\Users\blamp\Desktop\Avalonia\Elektrykpomocnik.Avalonia.csproj]
C:\Users\blamp\Desktop\Avalonia\Models\MainWindow.axaml.cs(21,21): error CS0102: Typ ÔÇ×MainWindowÔÇŁ ju┼╝ zawiera definicj─Ö dla ÔÇ×_zoomContainerÔÇŁ [C:\Users\blamp\Desktop\Avalonia\Elektrykpomocnik.Avalonia.csproj]
C:\Users\blamp\Desktop\Avalonia\Models\MainWindow.axaml.cs(22,21): error CS0102: Typ ÔÇ×MainWindowÔÇŁ ju┼╝ zawiera definicj─Ö dla ÔÇ×_dragPreviewBorderÔÇŁ [C:\Users\blamp\Desktop\Avalonia\Elektrykpomocnik.Avalonia.csproj]
C:\Users\blamp\Desktop\Avalonia\Models\MainWindow.axaml.cs(23,20): error CS0102: Typ ÔÇ×MainWindowÔÇŁ ju┼╝ zawiera definicj─Ö dla ÔÇ×_dragPreviewImageÔÇŁ [C:\Users\blamp\Desktop\Avalonia\Elektrykpomocnik.Avalonia.csproj]
C:\Users\blamp\Desktop\Avalonia\Models\MainWindow.axaml.cs(24,21): error CS0102: Typ ÔÇ×MainWindowÔÇŁ ju┼╝ zawiera definicj─Ö dla ÔÇ×_selectionRectangleÔÇŁ [C:\Users\blamp\Desktop\Avalonia\Elektrykpomocnik.Avalonia.csproj]
C:\Users\blamp\Desktop\Avalonia\Models\MainWindow.axaml.cs(27,18): error CS0102: Typ ÔÇ×MainWindowÔÇŁ ju┼╝ zawiera definicj─Ö dla ÔÇ×_isSelectingÔÇŁ [C:\Users\blamp\Desktop\Avalonia\Elektrykpomocnik.Avalonia.csproj]
C:\Users\blamp\Desktop\Avalonia\Models\MainWindow.axaml.cs(28,19): error CS0102: Typ ÔÇ×MainWindowÔÇŁ ju┼╝ zawiera definicj─Ö dla ÔÇ×_selectionStartPointÔÇŁ [C:\Users\blamp\Desktop\Avalonia\Elektrykpomocnik.Avalonia.csproj]
C:\Users\blamp\Desktop\Avalonia\Models\MainWindow.axaml.cs(30,18): error CS0111: Typ ÔÇ×MainWindowÔÇŁ ju┼╝ definiuje sk┼éadow─ů o nazwie ÔÇ×CacheControlsÔÇŁ z tymi samymi typami parametr├│w [C:\Users\blamp\Desktop\Avalonia\Elektrykpomocnik.Avalonia.csproj]
C:\Users\blamp\Desktop\Avalonia\Models\MainWindow.axaml.cs(48,12): error CS0111: Typ ÔÇ×MainWindowÔÇŁ ju┼╝ definiuje sk┼éadow─ů o nazwie ÔÇ×MainWindowÔÇŁ z tymi samymi typami parametr├│w [C:\Users\blamp\Desktop\Avalonia\Elektrykpomocnik.Avalonia.csproj]
C:\Users\blamp\Desktop\Avalonia\Models\MainWindow.axaml.cs(55,12): error CS0111: Typ ÔÇ×MainWindowÔÇŁ ju┼╝ definiuje sk┼éadow─ů o nazwie ÔÇ×MainWindowÔÇŁ z tymi samymi typami parametr├│w [C:\Users\blamp\Desktop\Avalonia\Elektrykpomocnik.Avalonia.csproj]
C:\Users\blamp\Desktop\Avalonia\Models\MainWindow.axaml.cs(78,18): error CS0111: Typ ÔÇ×MainWindowÔÇŁ ju┼╝ definiuje sk┼éadow─ů o nazwie ÔÇ×ApplyThemeÔÇŁ z tymi samymi typami parametr├│w [C:\Users\blamp\Desktop\Avalonia\Elektrykpomocnik.Avalonia.csproj]
C:\Users\blamp\Desktop\Avalonia\Models\MainWindow.axaml.cs(89,18): error CS0111: Typ ÔÇ×MainWindowÔÇŁ ju┼╝ definiuje sk┼éadow─ů o nazwie ÔÇ×MainWindow_KeyDownÔÇŁ z tymi samymi typami parametr├│w [C:\Users\blamp\Desktop\Avalonia\Elektrykpomocnik.Avalonia.csproj]
C:\Users\blamp\Desktop\Avalonia\Models\MainWindow.axaml.cs(97,18): error CS0111: Typ ÔÇ×MainWindowÔÇŁ ju┼╝ definiuje sk┼éadow─ů o nazwie ÔÇ×OnCanvasDragEnterÔÇŁ z tymi samymi typami parametr├│w [C:\Users\blamp\Desktop\Avalonia\Elektrykpomocnik.Avalonia.csproj]
C:\Users\blamp\Desktop\Avalonia\Models\MainWindow.axaml.cs(141,18): error CS0111: Typ ÔÇ×MainWindowÔÇŁ ju┼╝ definiuje sk┼éadow─ů o nazwie ÔÇ×OnCanvasDragOverÔÇŁ z tymi samymi typami parametr├│w [C:\Users\blamp\Desktop\Avalonia\Elektrykpomocnik.Avalonia.csproj]
C:\Users\blamp\Desktop\Avalonia\Models\MainWindow.axaml.cs(170,18): error CS0111: Typ ÔÇ×MainWindowÔÇŁ ju┼╝ definiuje sk┼éadow─ů o nazwie ÔÇ×OnCanvasDragLeaveÔÇŁ z tymi samymi typami parametr├│w [C:\Users\blamp\Desktop\Avalonia\Elektrykpomocnik.Avalonia.csproj]
C:\Users\blamp\Desktop\Avalonia\Models\MainWindow.axaml.cs(180,18): error CS0111: Typ ÔÇ×MainWindowÔÇŁ ju┼╝ definiuje sk┼éadow─ů o nazwie ÔÇ×OnCanvasDropÔÇŁ z tymi samymi typami parametr├│w [C:\Users\blamp\Desktop\Avalonia\Elektrykpomocnik.Avalonia.csproj]
C:\Users\blamp\Desktop\Avalonia\Models\MainWindow.axaml.cs(228,17): error CS0111: Typ ÔÇ×MainWindowÔÇŁ ju┼╝ definiuje sk┼éadow─ů o nazwie ÔÇ×RefreshSymbolVisualÔÇŁ z tymi samymi typami parametr├│w [C:\Users\blamp\Desktop\Avalonia\Elektrykpomocnik.Avalonia.csproj]
C:\Users\blamp\Desktop\Avalonia\Models\MainWindow.axaml.cs(235,23): error CS0111: Typ ÔÇ×MainWindowÔÇŁ ju┼╝ definiuje sk┼éadow─ů o nazwie ÔÇ×EditSymbolParametersÔÇŁ z tymi samymi typami parametr├│w [C:\Users\blamp\Desktop\Avalonia\Elektrykpomocnik.Avalonia.csproj]
C:\Users\blamp\Desktop\Avalonia\Models\MainWindow.axaml.cs(254,18): error CS0111: Typ ÔÇ×MainWindowÔÇŁ ju┼╝ definiuje sk┼éadow─ů o nazwie ÔÇ×OnCanvasPointerPressedÔÇŁ z tymi samymi typami parametr├│w [C:\Users\blamp\Desktop\Avalonia\Elektrykpomocnik.Avalonia.csproj]
C:\Users\blamp\Desktop\Avalonia\Models\MainWindow.axaml.cs(291,18): error CS0111: Typ ÔÇ×MainWindowÔÇŁ ju┼╝ definiuje sk┼éadow─ů o nazwie ÔÇ×OnCanvasPointerMovedÔÇŁ z tymi samymi typami parametr├│w [C:\Users\blamp\Desktop\Avalonia\Elektrykpomocnik.Avalonia.csproj]
C:\Users\blamp\Desktop\Avalonia\Models\MainWindow.axaml.cs(312,18): error CS0111: Typ ÔÇ×MainWindowÔÇŁ ju┼╝ definiuje sk┼éadow─ů o nazwie ÔÇ×OnCanvasPointerReleasedÔÇŁ z tymi samymi typami parametr├│w [C:\Users\blamp\Desktop\Avalonia\Elektrykpomocnik.Avalonia.csproj]
C:\Users\blamp\Desktop\Avalonia\Models\MainWindow.axaml.cs(352,18): error CS0111: Typ ÔÇ×MainWindowÔÇŁ ju┼╝ definiuje sk┼éadow─ů o nazwie ÔÇ×CanvasContainer_SizeChangedÔÇŁ z tymi samymi typami parametr├│w [C:\Users\blamp\Desktop\Avalonia\Elektrykpomocnik.Avalonia.csproj]
C:\Users\blamp\Desktop\Avalonia\Models\MainWindow.axaml.cs(360,24): error CS0111: Typ ÔÇ×MainWindowÔÇŁ ju┼╝ definiuje sk┼éadow─ů o nazwie ÔÇ×BtnDinRail_ClickÔÇŁ z tymi samymi typami parametr├│w [C:\Users\blamp\Desktop\Avalonia\Elektrykpomocnik.Avalonia.csproj]

Kompilacja NIE POWIOD┼üA SI─ś.

C:\Users\blamp\Desktop\Avalonia\Models\MainWindow.axaml.cs(18,26): error CS0102: Typ ÔÇ×MainWindowÔÇŁ ju┼╝ zawiera definicj─Ö dla ÔÇ×ViewModelÔÇŁ [C:\Users\blamp\Desktop\Avalonia\Elektrykpomocnik.Avalonia.csproj]
C:\Users\blamp\Desktop\Avalonia\Models\MainWindow.axaml.cs(20,21): error CS0102: Typ ÔÇ×MainWindowÔÇŁ ju┼╝ zawiera definicj─Ö dla ÔÇ×_canvasContainerÔÇŁ [C:\Users\blamp\Desktop\Avalonia\Elektrykpomocnik.Avalonia.csproj]
C:\Users\blamp\Desktop\Avalonia\Models\MainWindow.axaml.cs(21,21): error CS0102: Typ ÔÇ×MainWindowÔÇŁ ju┼╝ zawiera definicj─Ö dla ÔÇ×_zoomContainerÔÇŁ [C:\Users\blamp\Desktop\Avalonia\Elektrykpomocnik.Avalonia.csproj]
C:\Users\blamp\Desktop\Avalonia\Models\MainWindow.axaml.cs(22,21): error CS0102: Typ ÔÇ×MainWindowÔÇŁ ju┼╝ zawiera definicj─Ö dla ÔÇ×_dragPreviewBorderÔÇŁ [C:\Users\blamp\Desktop\Avalonia\Elektrykpomocnik.Avalonia.csproj]
C:\Users\blamp\Desktop\Avalonia\Models\MainWindow.axaml.cs(23,20): error CS0102: Typ ÔÇ×MainWindowÔÇŁ ju┼╝ zawiera definicj─Ö dla ÔÇ×_dragPreviewImageÔÇŁ [C:\Users\blamp\Desktop\Avalonia\Elektrykpomocnik.Avalonia.csproj]
C:\Users\blamp\Desktop\Avalonia\Models\MainWindow.axaml.cs(24,21): error CS0102: Typ ÔÇ×MainWindowÔÇŁ ju┼╝ zawiera definicj─Ö dla ÔÇ×_selectionRectangleÔÇŁ [C:\Users\blamp\Desktop\Avalonia\Elektrykpomocnik.Avalonia.csproj]
C:\Users\blamp\Desktop\Avalonia\Models\MainWindow.axaml.cs(27,18): error CS0102: Typ ÔÇ×MainWindowÔÇŁ ju┼╝ zawiera definicj─Ö dla ÔÇ×_isSelectingÔÇŁ [C:\Users\blamp\Desktop\Avalonia\Elektrykpomocnik.Avalonia.csproj]
C:\Users\blamp\Desktop\Avalonia\Models\MainWindow.axaml.cs(28,19): error CS0102: Typ ÔÇ×MainWindowÔÇŁ ju┼╝ zawiera definicj─Ö dla ÔÇ×_selectionStartPointÔÇŁ [C:\Users\blamp\Desktop\Avalonia\Elektrykpomocnik.Avalonia.csproj]
C:\Users\blamp\Desktop\Avalonia\Models\MainWindow.axaml.cs(30,18): error CS0111: Typ ÔÇ×MainWindowÔÇŁ ju┼╝ definiuje sk┼éadow─ů o nazwie ÔÇ×CacheControlsÔÇŁ z tymi samymi typami parametr├│w [C:\Users\blamp\Desktop\Avalonia\Elektrykpomocnik.Avalonia.csproj]
C:\Users\blamp\Desktop\Avalonia\Models\MainWindow.axaml.cs(48,12): error CS0111: Typ ÔÇ×MainWindowÔÇŁ ju┼╝ definiuje sk┼éadow─ů o nazwie ÔÇ×MainWindowÔÇŁ z tymi samymi typami parametr├│w [C:\Users\blamp\Desktop\Avalonia\Elektrykpomocnik.Avalonia.csproj]
C:\Users\blamp\Desktop\Avalonia\Models\MainWindow.axaml.cs(55,12): error CS0111: Typ ÔÇ×MainWindowÔÇŁ ju┼╝ definiuje sk┼éadow─ů o nazwie ÔÇ×MainWindowÔÇŁ z tymi samymi typami parametr├│w [C:\Users\blamp\Desktop\Avalonia\Elektrykpomocnik.Avalonia.csproj]
C:\Users\blamp\Desktop\Avalonia\Models\MainWindow.axaml.cs(78,18): error CS0111: Typ ÔÇ×MainWindowÔÇŁ ju┼╝ definiuje sk┼éadow─ů o nazwie ÔÇ×ApplyThemeÔÇŁ z tymi samymi typami parametr├│w [C:\Users\blamp\Desktop\Avalonia\Elektrykpomocnik.Avalonia.csproj]
C:\Users\blamp\Desktop\Avalonia\Models\MainWindow.axaml.cs(89,18): error CS0111: Typ ÔÇ×MainWindowÔÇŁ ju┼╝ definiuje sk┼éadow─ů o nazwie ÔÇ×MainWindow_KeyDownÔÇŁ z tymi samymi typami parametr├│w [C:\Users\blamp\Desktop\Avalonia\Elektrykpomocnik.Avalonia.csproj]
C:\Users\blamp\Desktop\Avalonia\Models\MainWindow.axaml.cs(97,18): error CS0111: Typ ÔÇ×MainWindowÔÇŁ ju┼╝ definiuje sk┼éadow─ů o nazwie ÔÇ×OnCanvasDragEnterÔÇŁ z tymi samymi typami parametr├│w [C:\Users\blamp\Desktop\Avalonia\Elektrykpomocnik.Avalonia.csproj]
C:\Users\blamp\Desktop\Avalonia\Models\MainWindow.axaml.cs(141,18): error CS0111: Typ ÔÇ×MainWindowÔÇŁ ju┼╝ definiuje sk┼éadow─ů o nazwie ÔÇ×OnCanvasDragOverÔÇŁ z tymi samymi typami parametr├│w [C:\Users\blamp\Desktop\Avalonia\Elektrykpomocnik.Avalonia.csproj]
C:\Users\blamp\Desktop\Avalonia\Models\MainWindow.axaml.cs(170,18): error CS0111: Typ ÔÇ×MainWindowÔÇŁ ju┼╝ definiuje sk┼éadow─ů o nazwie ÔÇ×OnCanvasDragLeaveÔÇŁ z tymi samymi typami parametr├│w [C:\Users\blamp\Desktop\Avalonia\Elektrykpomocnik.Avalonia.csproj]
C:\Users\blamp\Desktop\Avalonia\Models\MainWindow.axaml.cs(180,18): error CS0111: Typ ÔÇ×MainWindowÔÇŁ ju┼╝ definiuje sk┼éadow─ů o nazwie ÔÇ×OnCanvasDropÔÇŁ z tymi samymi typami parametr├│w [C:\Users\blamp\Desktop\Avalonia\Elektrykpomocnik.Avalonia.csproj]
C:\Users\blamp\Desktop\Avalonia\Models\MainWindow.axaml.cs(228,17): error CS0111: Typ ÔÇ×MainWindowÔÇŁ ju┼╝ definiuje sk┼éadow─ů o nazwie ÔÇ×RefreshSymbolVisualÔÇŁ z tymi samymi typami parametr├│w [C:\Users\blamp\Desktop\Avalonia\Elektrykpomocnik.Avalonia.csproj]
C:\Users\blamp\Desktop\Avalonia\Models\MainWindow.axaml.cs(235,23): error CS0111: Typ ÔÇ×MainWindowÔÇŁ ju┼╝ definiuje sk┼éadow─ů o nazwie ÔÇ×EditSymbolParametersÔÇŁ z tymi samymi typami parametr├│w [C:\Users\blamp\Desktop\Avalonia\Elektrykpomocnik.Avalonia.csproj]
C:\Users\blamp\Desktop\Avalonia\Models\MainWindow.axaml.cs(254,18): error CS0111: Typ ÔÇ×MainWindowÔÇŁ ju┼╝ definiuje sk┼éadow─ů o nazwie ÔÇ×OnCanvasPointerPressedÔÇŁ z tymi samymi typami parametr├│w [C:\Users\blamp\Desktop\Avalonia\Elektrykpomocnik.Avalonia.csproj]
C:\Users\blamp\Desktop\Avalonia\Models\MainWindow.axaml.cs(291,18): error CS0111: Typ ÔÇ×MainWindowÔÇŁ ju┼╝ definiuje sk┼éadow─ů o nazwie ÔÇ×OnCanvasPointerMovedÔÇŁ z tymi samymi typami parametr├│w [C:\Users\blamp\Desktop\Avalonia\Elektrykpomocnik.Avalonia.csproj]
C:\Users\blamp\Desktop\Avalonia\Models\MainWindow.axaml.cs(312,18): error CS0111: Typ ÔÇ×MainWindowÔÇŁ ju┼╝ definiuje sk┼éadow─ů o nazwie ÔÇ×OnCanvasPointerReleasedÔÇŁ z tymi samymi typami parametr├│w [C:\Users\blamp\Desktop\Avalonia\Elektrykpomocnik.Avalonia.csproj]
C:\Users\blamp\Desktop\Avalonia\Models\MainWindow.axaml.cs(352,18): error CS0111: Typ ÔÇ×MainWindowÔÇŁ ju┼╝ definiuje sk┼éadow─ů o nazwie ÔÇ×CanvasContainer_SizeChangedÔÇŁ z tymi samymi typami parametr├│w [C:\Users\blamp\Desktop\Avalonia\Elektrykpomocnik.Avalonia.csproj]
C:\Users\blamp\Desktop\Avalonia\Models\MainWindow.axaml.cs(360,24): error CS0111: Typ ÔÇ×MainWindowÔÇŁ ju┼╝ definiuje sk┼éadow─ů o nazwie ÔÇ×BtnDinRail_ClickÔÇŁ z tymi samymi typami parametr├│w [C:\Users\blamp\Desktop\Avalonia\Elektrykpomocnik.Avalonia.csproj]
    Ostrze┼╝enia: 0
    Liczba b┼é─Öd├│w: 24

Czas, kt├│ry up┼éyn─ů┼é: 00:00:01.44
